Microchip MPLAB XC8 Compiler V2.32

Linker command line:

-W-3 --edf=C:\Program Files\Microchip\xc8\v2.32\pic\dat\en_msgs.txt -cn \
  -h+dist/default/production\Ultrasonic-rodent-repeller-on-a-PIC.production.sym \
  --cmf=dist/default/production\Ultrasonic-rodent-repeller-on-a-PIC.production.cmf \
  -z -Q12F510 -oC:\Users\843E~1\AppData\Local\Temp\xcAsbrg.4 \
  --defsym=__MPLAB_BUILD=1 \
  -Mdist/default/production/Ultrasonic-rodent-repeller-on-a-PIC.production.map \
  -E1 -ver=XC8 Compiler --acfsm=1493 -ASTACK=036h-03Fh -pstack=STACK \
  -ACODE=00h-01FFh,0200h-03FEh -ASTRCODE=00h-03FEh \
  -ASTRING=00h-0FFh,0200h-02FFh -AENTRY=00h-0FFh-01FFh,0200h-02FFh-03FEh \
  -ACOMMON=0Ah-0Fh -ABANK0=010h-01Fh -ABANK1=030h-03Fh \
  -ARAM=010h-01Fh,030h-03Fh -AABS1=0Ah-01Fh,030h-03Fh -ASFR0=00h-0Fh \
  -ASFR1=020h-02Fh -ACONFIG=0FFFh-0FFFh -DCONFIG=2 -AIDLOC=0400h-0403h \
  -DIDLOC=2 -DCODE=2 -DSTRCODE=2 -DSTRING=2 -DCONST=2 -DENTRY=2 \
  -preset_vec=03ffh,reset_wrap=0h,init,end_init,cinit,clrtext \
  -ppowerup=CODE -pfunctab=ENTRY -pstrings=-STRING -k \
  C:\Users\843E~1\AppData\Local\Temp\xcAsbrg.o \
  dist/default/production\Ultrasonic-rodent-repeller-on-a-PIC.production.o 

Object code version is 3.11

Machine type is 12F510



                Name                               Link     Load   Length Selector   Space Scale
C:\Users\843E~1\AppData\Local\Temp\xcAsbrg.o
                end_init                              0        0        2        0       0
                reset_vec                           3FF      3FF        1      7FE       0
                config                              FFF      FFF        1        0       4
dist/default/production\Ultrasonic-rodent-repeller-on-a-PIC.production.o
                clrtext                              22       22        9        0       0
                cinit                                 2        2       20        0       0
                maintext_split_4                    217      217      1E8      42E       0
                maintext_split_3                     3A       3A       45       74       0
                maintext_split_2                     7F       7F       48       FE       0
                maintext_split_1                     C7       C7       6F      18E       0
                config                              FFF      FFF        1        0       4
                maintext                            136      136       CA      26C       0
                cstackBANK0                          1A       1A        3       10       1
                dataBANK1                            34       34        2       30       1
                bssBANK1                             30       30        4       30       1
                dataBANK0                            1D       1D        2       10       1
                bssBANK0                             10       10        A       10       1
                idataBANK1                           2D       2D        2        0       0
                idataBANK0                           2B       2B        2        0       0

TOTAL           Name                               Link     Load   Length     Space
        CLASS   STACK          

        CLASS   CODE           
                reset_vec                           3FF      3FF        1         0
                maintext_split_4                    217      217      1E8         0
                maintext_split_3                     3A       3A       45         0
                maintext_split_2                     7F       7F       48         0
                maintext_split_1                     C7       C7       6F         0
                maintext                            136      136       CA         0

        CLASS   STRCODE        

        CLASS   STRING         

        CLASS   ENTRY          
                clrtext                              22       22        9         0
                end_init                              0        0        2         0
                cinit                                 2        2       20         0
                idataBANK1                           2D       2D        2         0
                idataBANK0                           2B       2B        2         0

        CLASS   COMMON         

        CLASS   BANK0          
                cstackBANK0                          1A       1A        3         1
                dataBANK0                            1D       1D        2         1
                bssBANK0                             10       10        A         1

        CLASS   BANK1          
                dataBANK1                            34       34        2         1
                bssBANK1                             30       30        4         1

        CLASS   RAM            

        CLASS   ABS1           
                abs_s1                                A        A        6         1

        CLASS   SFR0           

        CLASS   SFR1           

        CLASS   CONFIG         
                config                              FFF      FFF        1         4

        CLASS   IDLOC          

        CLASS   CONST          



SEGMENTS        Name                           Load    Length   Top    Selector   Space  Class     Delta

                reset_wrap                     000000  00002F  00002F         0       0  ENTRY       2
                bssBANK0                       000010  00000F  00001F        10       1  BANK0       1
                bssBANK1                       000030  000006  000036        30       1  BANK1       1
                maintext_split_3               00003A  000045  00007F        74       0  CODE        2
                maintext_split_2               00007F  000048  0000C7        FE       0  CODE        2
                maintext_split_1               0000C7  00006F  000136       18E       0  CODE        2
                maintext                       000136  0000CA  000200       26C       0  CODE        2
                maintext_split_4               000217  0001E8  0003FF       42E       0  CODE        2
                reset_vec                      0003FF  000001  000400       7FE       0  CODE        2


UNUSED ADDRESS RANGES

        Name                Unused          Largest block    Delta
        BANK0            0001F-0001F               1           1
        BANK1            00036-0003F               A           1
        CODE             0002F-00039               B           2
                         00200-00216              17
        ENTRY            0002F-00039               B           2
                         00200-00216              17
        IDLOC            00400-00403               4           2
        RAM              0001F-0001F               1           1
                         00036-0003F               A
        SFR0             00000-00009               A           1
        SFR1             00020-0002F              10           1
        STACK            00036-0003F               A           1
        STRCODE          0002F-00039               B           2
                         00200-00216              17
        STRING           0002F-00039               B           2
                         00200-00216              17

                                  Symbol Table

_ADCON0                  (abs)            00008
_CM1CON0                 (abs)            00007
_GPIO                    (abs)            00006
_OPTION                  (abs)            00000
_TMR0                    (abs)            00001
_TRISGPIO                (abs)            00006
__Habs1                  abs1             00000
__Hbank0                 bank0            00000
__Hbank1                 bank1            00000
__HbssBANK0              bssBANK0         00000
__HbssBANK1              bssBANK1         00000
__Hcinit                 cinit            00022
__Hclrtext               clrtext          0002B
__Hcode                  code             00000
__Hcommon                common           00000
__Hconfig                config           01000
__HcstackBANK0           cstackBANK0      00000
__HdataBANK0             dataBANK0        00000
__HdataBANK1             dataBANK1        00000
__Hend_init              end_init         00002
__Hfunctab               functab          00000
__HidataBANK0            idataBANK0       00000
__HidataBANK1            idataBANK1       00000
__Hinit                  init             00000
__Hjmp_tab               jmp_tab          00000
__Hmaintext              maintext         00000
__Hmaintext_split_1      maintext_split_1 00000
__Hmaintext_split_2      maintext_split_2 00000
__Hmaintext_split_3      maintext_split_3 00000
__Hmaintext_split_4      maintext_split_4 00000
__Hpowerup               powerup          00000
__Hram                   ram              00000
__Hreset_vec             reset_vec        00400
__Hreset_wrap            reset_wrap       00000
__Hsfr0                  sfr0             00000
__Hsfr1                  sfr1             00000
__Hspace_0               (abs)            00400
__Hspace_1               (abs)            00036
__Hspace_2               (abs)            00000
__Hspace_4               (abs)            01FFF
__Hstack                 stack            00000
__Hstrings               strings          00000
__Htext                  text             00000
__Labs1                  abs1             00000
__Lbank0                 bank0            00000
__Lbank1                 bank1            00000
__LbssBANK0              bssBANK0         00000
__LbssBANK1              bssBANK1         00000
__Lcinit                 cinit            00002
__Lclrtext               clrtext          00022
__Lcode                  code             00000
__Lcommon                common           00000
__Lconfig                config           00000
__LcstackBANK0           cstackBANK0      00000
__LdataBANK0             dataBANK0        00000
__LdataBANK1             dataBANK1        00000
__Lend_init              end_init         00000
__Lfunctab               functab          00000
__LidataBANK0            idataBANK0       00000
__LidataBANK1            idataBANK1       00000
__Linit                  init             00000
__Ljmp_tab               jmp_tab          00000
__Lmaintext              maintext         00000
__Lmaintext_split_1      maintext_split_1 00000
__Lmaintext_split_2      maintext_split_2 00000
__Lmaintext_split_3      maintext_split_3 00000
__Lmaintext_split_4      maintext_split_4 00000
__Lpowerup               powerup          00000
__Lram                   ram              00000
__Lreset_vec             reset_vec        003FF
__Lreset_wrap            reset_wrap       00000
__Lsfr0                  sfr0             00000
__Lsfr1                  sfr1             00000
__Lspace_0               (abs)            00000
__Lspace_1               (abs)            00000
__Lspace_2               (abs)            00000
__Lspace_4               (abs)            00000
__Lstack                 stack            00000
__Lstrings               strings          00000
__Ltext                  text             00000
__S0                     (abs)            003FF
__S1                     (abs)            00036
__S2                     (abs)            00000
___int_sp                stack            00000
___latbits               (abs)            00001
___sp                    stack            00000
___stackhi               (abs)            00000
___stacklo               (abs)            00000
__end_of__initialization cinit            0001F
__end_of_main            maintext_split_4 003FF
__initialization         cinit            00002
__pbssBANK0              bssBANK0         00010
__pbssBANK1              bssBANK1         00030
__pcstackBANK0           cstackBANK0      0001A
__pdataBANK0             dataBANK0        0001D
__pdataBANK1             dataBANK1        00034
__pidataBANK0            idataBANK0       0002B
__pidataBANK1            idataBANK1       0002D
__pmaintext              maintext         00136
__size_of_main           (abs)            00000
_clock_out               bssBANK0         00010
_main                    maintext         00136
_p                       bssBANK0         00014
_t                       bssBANK0         00012
_x                       bssBANK0         00016
_y                       dataBANK0        0001D
btemp                    (abs)            0000A
clear_ram0               clrtext          00022
end_of_initialization    cinit            0001F
ltemp0                   (abs)            0000A
ltemp3                   (abs)            0000C
pnum$maintext            (abs)            0000B
pnum$maintext_split_1    (abs)            0000D
pnum$maintext_split_2    (abs)            0000E
pnum$maintext_split_3    (abs)            0000F
pnum$maintext_split_4    (abs)            00010
psplit$0                 (abs)            B000D
psplit$1                 (abs)            D000E
psplit$2                 (abs)            E000F
psplit$3                 (abs)            F0010
reset_vec                reset_vec        003FF
start                    init             00000
start_initialization     cinit            00002
ttemp0                   (abs)            0000A
ttemp1                   (abs)            0000D
wtemp0                   (abs)            0000A
wtemp1                   (abs)            0000C
wtemp2                   (abs)            0000E


MODULE INFORMATION

Module		Function		Class		Link	Load	Size
newmain.c
		_main          		CODE           	0136	0000	942

newmain.c estimated size: 942

shared
		__initialization		ENTRY          	0002	0000	29

shared estimated size: 29

