Microchip MPLAB XC8 Compiler V2.32

Linker command line:

-W-3 --edf=C:\Program Files\Microchip\xc8\v2.32\pic\dat\en_msgs.txt -cn \
  -h+dist/default/production\Ultrasonic-rodent-repeller-on-a-PIC.production.sym \
  --cmf=dist/default/production\Ultrasonic-rodent-repeller-on-a-PIC.production.cmf \
  -z -Q12F510 -oC:\Users\843E~1\AppData\Local\Temp\xcAsd84.4 \
  --defsym=__MPLAB_BUILD=1 \
  -Mdist/default/production/Ultrasonic-rodent-repeller-on-a-PIC.production.map \
  -E1 -ver=XC8 Compiler --acfsm=1493 -ASTACK=034h-03Fh -pstack=STACK \
  -ACODE=00h-01FFh,0200h-03FEh -ASTRCODE=00h-03FEh \
  -ASTRING=00h-0FFh,0200h-02FFh -AENTRY=00h-0FFh-01FFh,0200h-02FFh-03FEh \
  -ACOMMON=0Ah-0Fh -ABANK0=010h-01Fh -ABANK1=030h-03Fh \
  -ARAM=010h-01Fh,030h-03Fh -AABS1=0Ah-01Fh,030h-03Fh -ASFR0=00h-0Fh \
  -ASFR1=020h-02Fh -ACONFIG=0FFFh-0FFFh -DCONFIG=2 -AIDLOC=0400h-0403h \
  -DIDLOC=2 -DCODE=2 -DSTRCODE=2 -DSTRING=2 -DCONST=2 -DENTRY=2 \
  -preset_vec=03ffh,reset_wrap=0h,init,end_init,cinit,clrtext \
  -ppowerup=CODE -pfunctab=ENTRY -pstrings=-STRING -k \
  C:\Users\843E~1\AppData\Local\Temp\xcAsd84.o \
  dist/default/production\Ultrasonic-rodent-repeller-on-a-PIC.production.o 

Object code version is 3.11

Machine type is 12F510



                Name                               Link     Load   Length Selector   Space Scale
C:\Users\843E~1\AppData\Local\Temp\xcAsd84.o
                end_init                              0        0        2        0       0
                reset_vec                           3FF      3FF        1      7FE       0
                config                              FFF      FFF        1        0       4
dist/default/production\Ultrasonic-rodent-repeller-on-a-PIC.production.o
                clrtext                              21       21        9        0       0
                cinit                                 2        2       1F        0       0
                config                              FFF      FFF        1        0       4
                maintext                            1AB      1AB       55      356       0
                cstackBANK0                          1E       1E        1       10       1
                bssBANK1                             30       30        4       30       1
                dataBANK0                            1A       1A        4       10       1
                bssBANK0                             10       10        A       10       1
                idataBANK0                           2A       2A        4        0       0

TOTAL           Name                               Link     Load   Length     Space
        CLASS   STACK          

        CLASS   CODE           
                reset_vec                           3FF      3FF        1         0
                maintext                            1AB      1AB       55         0

        CLASS   STRCODE        

        CLASS   STRING         

        CLASS   ENTRY          
                clrtext                              21       21        9         0
                end_init                              0        0        2         0
                cinit                                 2        2       1F         0
                idataBANK0                           2A       2A        4         0

        CLASS   COMMON         

        CLASS   BANK0          
                cstackBANK0                          1E       1E        1         1
                dataBANK0                            1A       1A        4         1
                bssBANK0                             10       10        A         1

        CLASS   BANK1          
                bssBANK1                             30       30        4         1

        CLASS   RAM            

        CLASS   ABS1           
                abs_s1                                A        A        6         1

        CLASS   SFR0           

        CLASS   SFR1           

        CLASS   CONFIG         
                config                              FFF      FFF        1         4

        CLASS   IDLOC          

        CLASS   CONST          



SEGMENTS        Name                           Load    Length   Top    Selector   Space  Class     Delta

                reset_wrap                     000000  00002E  00002E         0       0  ENTRY       2
                bssBANK0                       000010  00000F  00001F        10       1  BANK0       1
                bssBANK1                       000030  000004  000034        30       1  BANK1       1
                maintext                       0001AB  000055  000200       356       0  CODE        2
                reset_vec                      0003FF  000001  000400       7FE       0  CODE        2


UNUSED ADDRESS RANGES

        Name                Unused          Largest block    Delta
        BANK0            001F-001F              1           1
        BANK1            0034-003F              C           1
        CODE             002E-01AA            17D           2
                         0200-03FE            1FF
        ENTRY            002E-00FF+00AB         D2           2
                         0200-02FF+00FF        100
        IDLOC            0400-0403              4           2
        RAM              001F-001F              1           1
                         0034-003F              C
        SFR0             0000-0009              A           1
        SFR1             0020-002F             10           1
        STACK            0034-003F              C           1
        STRCODE          002E-01AA            17D           2
                         0200-03FE            1FF
        STRING           002E-00FF             D2           2
                         0200-02FF            100

                                  Symbol Table

_GPIO                    (abs)       0006
_TMR0                    (abs)       0001
_TRISGPIO                (abs)       0006
__Habs1                  abs1        0000
__Hbank0                 bank0       0000
__Hbank1                 bank1       0000
__HbssBANK0              bssBANK0    0000
__HbssBANK1              bssBANK1    0000
__Hcinit                 cinit       0021
__Hclrtext               clrtext     002A
__Hcode                  code        0000
__Hcommon                common      0000
__Hconfig                config      1000
__HcstackBANK0           cstackBANK0 0000
__HdataBANK0             dataBANK0   0000
__Hend_init              end_init    0002
__Hfunctab               functab     0000
__HidataBANK0            idataBANK0  0000
__Hinit                  init        0000
__Hjmp_tab               jmp_tab     0000
__Hmaintext              maintext    0000
__Hpowerup               powerup     0000
__Hram                   ram         0000
__Hreset_vec             reset_vec   0400
__Hreset_wrap            reset_wrap  0000
__Hsfr0                  sfr0        0000
__Hsfr1                  sfr1        0000
__Hspace_0               (abs)       0400
__Hspace_1               (abs)       0034
__Hspace_2               (abs)       0000
__Hspace_4               (abs)       1FFF
__Hstack                 stack       0000
__Hstrings               strings     0000
__Htext                  text        0000
__Labs1                  abs1        0000
__Lbank0                 bank0       0000
__Lbank1                 bank1       0000
__LbssBANK0              bssBANK0    0000
__LbssBANK1              bssBANK1    0000
__Lcinit                 cinit       0002
__Lclrtext               clrtext     0021
__Lcode                  code        0000
__Lcommon                common      0000
__Lconfig                config      0000
__LcstackBANK0           cstackBANK0 0000
__LdataBANK0             dataBANK0   0000
__Lend_init              end_init    0000
__Lfunctab               functab     0000
__LidataBANK0            idataBANK0  0000
__Linit                  init        0000
__Ljmp_tab               jmp_tab     0000
__Lmaintext              maintext    0000
__Lpowerup               powerup     0000
__Lram                   ram         0000
__Lreset_vec             reset_vec   03FF
__Lreset_wrap            reset_wrap  0000
__Lsfr0                  sfr0        0000
__Lsfr1                  sfr1        0000
__Lspace_0               (abs)       0000
__Lspace_1               (abs)       0000
__Lspace_2               (abs)       0000
__Lspace_4               (abs)       0000
__Lstack                 stack       0000
__Lstrings               strings     0000
__Ltext                  text        0000
__S0                     (abs)       0200
__S1                     (abs)       0034
__S2                     (abs)       0000
___int_sp                stack       0000
___latbits               (abs)       0001
___sp                    stack       0000
___stackhi               (abs)       0000
___stacklo               (abs)       0000
__end_of__initialization cinit       001E
__end_of_main            maintext    0200
__initialization         cinit       0002
__pbssBANK0              bssBANK0    0010
__pbssBANK1              bssBANK1    0030
__pcstackBANK0           cstackBANK0 001E
__pdataBANK0             dataBANK0   001A
__pidataBANK0            idataBANK0  002A
__pmaintext              maintext    01AB
__size_of_main           (abs)       0000
_clock_out               bssBANK0    0010
_main                    maintext    01AB
_x                       bssBANK0    0014
_y                       dataBANK0   001A
btemp                    (abs)       000A
clear_ram0               clrtext     0021
end_of_initialization    cinit       001E
ltemp0                   (abs)       000A
ltemp3                   (abs)       000C
reset_vec                reset_vec   03FF
start                    init        0000
start_initialization     cinit       0002
ttemp0                   (abs)       000A
ttemp1                   (abs)       000D
wtemp0                   (abs)       000A
wtemp1                   (abs)       000C
wtemp2                   (abs)       000E


MODULE INFORMATION

Module		Function		Class		Link	Load	Size
newmain.c
		_main          		CODE           	01AB	0000	85

newmain.c estimated size: 85

shared
		__initialization		ENTRY          	0002	0000	28

shared estimated size: 28

